[16:01:52] identity run identity-20260715T164705Z | classification release classification-20260803T200119-c05b6a4f
[16:01:52] recipients: entities + resolutions + canonical mission text…
[16:02:14] recipients: 1,302,051 (887 DAF sponsors flagged)
[16:02:14] grants: paid 2023-2024 receipt rows…
[16:10:49] grants: 3,012,118 rows
[16:10:49] rollups: foundation x recipient, recipient totals, states…
[16:11:12] foundations: base facts from canonical filings…
[16:11:13] foundations: giving aggregates + tradition stats + coverage…
[16:11:34] tradition stats (authoritative and any tiers)…
[16:12:01] median grant per foundation (streaming)…
[16:12:05] indexing…
[16:12:07]   foundations: 123,113
[16:12:07]   with 23-24 giving: 94,984
[16:12:07]   recipients: 1,302,051
[16:12:07]   grants: 3,012,118
[16:12:07]   paid $: 236,428,112,669
[16:12:07]   christian $: 10,968,684,054
[16:12:07]   unclassified $: 114,319,728,650
[16:12:07]   with mission text: 46,671
[16:12:07] done in 615s -> data/explorer_v5.db
